Microchip MPLAB XC8 Compiler V1.44 ()

Linker command line:

-W-3 --edf=C:\Program Files (x86)\Microchip\xc8\v1.44\dat\en_msgs.txt -cs \
  -h+dist/default/production\ALM_ANN_12W.X.production.sym \
  --cmf=dist/default/production\ALM_ANN_12W.X.production.cmf -z -Q18F46K22 \
  -oC:\Users\PSI\AppData\Local\Temp\sbkk.2 \
  -Mdist/default/production/ALM_ANN_12W.X.production.map -E1 -ver=XC8 \
  -ASTACK=01D0h-0f37h -pstack=STACK -ACODE=00h-0FFFFh -ACONST=00h-0FFFFh \
  -ASMALLCONST=01000h-010FFhx240 -AMEDIUMCONST=01000h-0FFFFh \
  -ACOMRAM=01h-05Fh -AABS1=00h-0F37h -ABIGRAM=01h-0F37h \
  -ARAM=060h-0FFh,0100h-01FFhx14,0F00h-0F37h -ABANK0=060h-0FFh \
  -ABANK1=0100h-01FFh -ABANK2=0200h-02FFh -ABANK3=0300h-03FFh \
  -ABANK4=0400h-04FFh -ABANK5=0500h-05FFh -ABANK6=0600h-06FFh \
  -ABANK7=0700h-07FFh -ABANK8=0800h-08FFh -ABANK9=0900h-09FFh \
  -ABANK10=0A00h-0AFFh -ABANK11=0B00h-0BFFh -ABANK12=0C00h-0CFFh \
  -ABANK13=0D00h-0DFFh -ABANK14=0E00h-0EFFh -ABANK15=0F00h-0F37h \
  -ASFR=0F38h-0F5Fh,0F60h-0FFFh \
  -preset_vec=00h,intcode=08h,intcodelo,powerup,init -pramtop=01000h \
  -psmallconst=SMALLCONST -pmediumconst=MEDIUMCONST -pconst=CONST \
  -AFARRAM=00h-00h -ACONFIG=0300000h-030000Dh -pconfig=CONFIG \
  -AIDLOC=0200000h-0200007h -pidloc=IDLOC -AEEDATA=0F00000h-0F003FFh \
  -peeprom_data=EEDATA \
  -prdata=COMRAM,nvrram=COMRAM,nvbit=COMRAM,rbss=COMRAM,rbit=COMRAM \
  -pfarbss=FARRAM,fardata=FARRAM,nvFARRAM=FARRAM \
  -pintsave_regs=BIGRAM,bigbss=BIGRAM,bigdata=BIGRAM -pbss=RAM \
  -pidata=CODE,irdata=CODE,ibigdata=CODE,ifardata=CODE -prparam=COMRAM \
  C:\Users\PSI\AppData\Local\Temp\sbkk.obj \
  dist/default/production\ALM_ANN_12W.X.production.obj 

Object code version is 3.11

Machine type is 18F46K22

Call graph: (short form)




                Name                               Link     Load   Length Selector   Space Scale
C:\Users\PSI\AppData\Local\Temp\sbkk.obj
                init                                11A      11A        4        4       0
                reset_vec                             0        0        4        0       0
                idloc                            200000   200000        8   200000       0
                config                           300000   300000        E   300000       0
dist/default/production\ALM_ANN_12W.X.production.obj
                intcode                               8        8      112        4       0
                temp                                 4C       4C        1        1       1
                smallconst                         1000     1000       56      800       0
                text46                             28B2     28B2       34      82B       0
                text44                             23AE     23AE       76      82B       0
                text43                             2494     2494       60      82B       0
                text42                             2772     2772       48      82B       0
                text41                             19EC     19EC      172      82B       0
                text40                             283E     283E       3E      82B       0
                text39                             29F2     29F2       12      82B       0
                text38                             287C     287C       36      82B       0
                text37                             25AA     25AA       54      82B       0
                text36                             29E0     29E0       12      82B       0
                text35                             2A04     2A04       10      82B       0
                text34                             2238     2238       86      82B       0
                text33                             1B5E     1B5E       D0      82B       0
                text32                             2696     2696       4C      82B       0
                text31                             2552     2552       58      82B       0
                text30                             272A     272A       48      82B       0
                text29                             2942     2942       2A      82B       0
                text28                             2336     2336       78      82B       0
                text27                             264A     264A       4C      82B       0
                text26                             1516     1516      1B8      82B       0
                text25                             21B2     21B2       86      82B       0
                text24                             2918     2918       2A      82B       0
                text23                             27BA     27BA       44      82B       0
                text22                             26E2     26E2       48      82B       0
                text21                             16CE     16CE      19C      82B       0
                text20                             186A     186A      182      82B       0
                text19                             1F7E     1F7E       90      82B       0
                text18                             200E     200E       8E      82B       0
                text17                             2990     2990       20      82B       0
                text16                             27FE     27FE       40      82B       0
                text15                             209C     209C       8C      82B       0
                text14                             1C2E     1C2E       C4      82B       0
                text13                             2424     2424       70      82B       0
                text12                             296C     296C       24      82B       0
                text11                             1EEC     1EEC       92      82B       0
                text10                             1CF2     1CF2       C2      82B       0
                text9                              1DB4     1DB4       9E      82B       0
                text8                              2128     2128       8A      82B       0
                text7                              29B0     29B0       1A      82B       0
                text6                              1056     1056      4C0      82B       0
                text5                              24F4     24F4       5E      82B       0
                text4                              2A14     2A14        6      82B       0
                text3                              1E52     1E52       9A      82B       0
                text2                              25FE     25FE       4C      82B       0
                text1                              29CA     29CA       16      82B       0
                text0                              22BE     22BE       78      82B       0
                cstackCOMRAM                          1        1       35        1       1
                cstackBANK0                          C4       C4       2F       60       1
                bssBANK1                            100      100       D0      100       1
                bssBANK0                             60       60       64       60       1
                bssCOMRAM                            36       36       16        1       1
                cinit                              28E6     28E6       32      82B       0

TOTAL           Name                               Link     Load   Length     Space
        CLASS   STACK          

        CLASS   CODE           
                intcode                               8        8      112         0
                init                                11A      11A        4         0
                reset_vec                             0        0        4         0
                text46                             28B2     28B2       34         0
                text44                             23AE     23AE       76         0
                text43                             2494     2494       60         0
                text42                             2772     2772       48         0
                text41                             19EC     19EC      172         0
                text40                             283E     283E       3E         0
                text39                             29F2     29F2       12         0
                text38                             287C     287C       36         0
                text37                             25AA     25AA       54         0
                text36                             29E0     29E0       12         0
                text35                             2A04     2A04       10         0
                text34                             2238     2238       86         0
                text33                             1B5E     1B5E       D0         0
                text32                             2696     2696       4C         0
                text31                             2552     2552       58         0
                text30                             272A     272A       48         0
                text29                             2942     2942       2A         0
                text28                             2336     2336       78         0
                text27                             264A     264A       4C         0
                text26                             1516     1516      1B8         0
                text25                             21B2     21B2       86         0
                text24                             2918     2918       2A         0
                text23                             27BA     27BA       44         0
                text22                             26E2     26E2       48         0
                text21                             16CE     16CE      19C         0
                text20                             186A     186A      182         0
                text19                             1F7E     1F7E       90         0
                text18                             200E     200E       8E         0
                text17                             2990     2990       20         0
                text16                             27FE     27FE       40         0
                text15                             209C     209C       8C         0
                text14                             1C2E     1C2E       C4         0
                text13                             2424     2424       70         0
                text12                             296C     296C       24         0
                text11                             1EEC     1EEC       92         0
                text10                             1CF2     1CF2       C2         0
                text9                              1DB4     1DB4       9E         0
                text8                              2128     2128       8A         0
                text7                              29B0     29B0       1A         0
                text6                              1056     1056      4C0         0
                text5                              24F4     24F4       5E         0
                text4                              2A14     2A14        6         0
                text3                              1E52     1E52       9A         0
                text2                              25FE     25FE       4C         0
                text1                              29CA     29CA       16         0
                text0                              22BE     22BE       78         0
                cinit                              28E6     28E6       32         0

        CLASS   CONST          

        CLASS   SMALLCONST     
                smallconst                         1000     1000       56         0

        CLASS   MEDIUMCONST    

        CLASS   COMRAM         
                temp                                 4C       4C        1         1
                cstackCOMRAM                          1        1       35         1
                bssCOMRAM                            36       36       16         1

        CLASS   ABS1           

        CLASS   BIGRAM         

        CLASS   RAM            

        CLASS   BANK0          
                cstackBANK0                          C4       C4       2F         1
                bssBANK0                             60       60       64         1

        CLASS   BANK1          
                bssBANK1                            100      100       D0         1

        CLASS   BANK2          

        CLASS   BANK3          

        CLASS   BANK4          

        CLASS   BANK5          

        CLASS   BANK6          

        CLASS   BANK7          

        CLASS   BANK8          

        CLASS   BANK9          

        CLASS   BANK10         

        CLASS   BANK11         

        CLASS   BANK12         

        CLASS   BANK13         

        CLASS   BANK14         

        CLASS   BANK15         

        CLASS   SFR            

        CLASS   FARRAM         

        CLASS   CONFIG         
                config                           300000   300000        E         0

        CLASS   IDLOC          
                idloc                            200000   200000        8         0

        CLASS   EEDATA         



SEGMENTS        Name                           Load    Length   Top    Selector   Space  Class

                reset_vec                      000000  000004  000004         0       0  CODE    
                cstackCOMRAM                   000001  00004C  00004D         1       1  COMRAM  
                intcode                        000008  000116  00011E         4       0  CODE    
                bssBANK0                       000060  000093  0000F3        60       1  BANK0   
                bssBANK1                       000100  0000D0  0001D0       100       1  BANK1   
                smallconst                     001000  000056  001056       800       0  SMALLCON
                text6                          001056  0019C4  002A1A       82B       0  CODE    
                idloc                          200000  000008  200008    200000       0  IDLOC   
                config                         300000  00000E  30000E    300000       0  CONFIG  


UNUSED ADDRESS RANGES

        Name                Unused          Largest block    Delta
        BANK0            0000F3-0000FF                D
        BANK1            0001D0-0001FF               30
        BANK10           000A00-000AFF              100
        BANK11           000B00-000BFF              100
        BANK12           000C00-000CFF              100
        BANK13           000D00-000DFF              100
        BANK14           000E00-000EFF              100
        BANK15           000F00-000F37               38
        BANK2            000200-0002FF              100
        BANK3            000300-0003FF              100
        BANK4            000400-0004FF              100
        BANK5            000500-0005FF              100
        BANK6            000600-0006FF              100
        BANK7            000700-0007FF              100
        BANK8            000800-0008FF              100
        BANK9            000900-0009FF              100
        BIGRAM           00004D-00005F               13
                         0000F3-0000FF                D
                         0001D0-000F37              D68
        CODE             000004-000007                4
                         00011E-000FFF              EE2
                         002A1A-00FFFF             D5E6
        COMRAM           00004D-00005F               13
        CONST            000004-000007                4
                         00011E-000FFF              EE2
                         002A1A-00FFFF             D5E6
        EEDATA           F00000-F003FF              400
        MEDIUMCONST      002A1A-00FFFF             D5E6
        RAM              0000F3-0000FF                D
                         0001D0-000F37              100
        SFR              000F38-000FFF               28
        SMALLCONST       002A1A-00FFFF              100
        STACK            0001D0-000F37              D68

                                  Symbol Table

?_CRC_16                             cstackCOMRAM 000014
CRC_16@cnts                          cstackCOMRAM 000016
CRC_16@crcreg                        cstackCOMRAM 00001A
CRC_16@i                             cstackCOMRAM 000019
CRC_16@ptr                           cstackCOMRAM 000014
FillNSend_Echo_Frame@i               cstackCOMRAM 000014
_ADCON0                              (abs)        000FC2
_ADCON1                              (abs)        000FC1
_ANSELA                              (abs)        000F38
_ANSELB                              (abs)        000F39
_ANSELC                              (abs)        000F3A
_ANSELD                              (abs)        000F3B
_ANSELE                              (abs)        000F3C
_BRG161                              (abs)        007DC3
_BRG162                              (abs)        007B83
_BRGH1                               (abs)        007D62
_BRGH2                               (abs)        007B92
_CCP1CON                             (abs)        000FBD
_CCP2CON                             (abs)        000F66
_CCP3CON                             (abs)        000F5D
_CRC_16                              text43       002494
_FillNSend_Echo_Frame                text32       002696
_GIE                                 (abs)        007F97
_LATAbits                            (abs)        000F89
_LATBbits                            (abs)        000F8A
_LATCbits                            (abs)        000F8B
_LATDbits                            (abs)        000F8C
_LATEbits                            (abs)        000F8D
_OSCCONbits                          (abs)        000FD3
_PEIE                                (abs)        007F96
_PORTA                               (abs)        000F80
_PORTAbits                           (abs)        000F80
_PORTB                               (abs)        000F81
_PORTC                               (abs)        000F82
_PORTCbits                           (abs)        000F82
_PORTD                               (abs)        000F83
_PORTDbits                           (abs)        000F83
_PORTE                               (abs)        000F84
_PORTEbits                           (abs)        000F84
_RC1IE                               (abs)        007CED
_RC1IF                               (abs)        007CF5
_RC1STA                              (abs)        000FAB
_RC2IE                               (abs)        007D1D
_RC2IF                               (abs)        007D25
_RC2STA                              (abs)        000F71
_RCREG2                              (abs)        000F74
_RX92                                (abs)        007B8E
_SPBRG1                              (abs)        000FAF
_SPBRG2                              (abs)        000F75
_SPBRGH1                             (abs)        000FB0
_SPBRGH2                             (abs)        000F76
_SYNC1                               (abs)        007D64
_SYNC2                               (abs)        007B94
_T1CON                               (abs)        000FCD
_TMR1H                               (abs)        000FCF
_TMR1IE                              (abs)        007CE8
_TMR1IF                              (abs)        007CF0
_TMR1L                               (abs)        000FCE
_TRISA                               (abs)        000F92
_TRISB                               (abs)        000F93
_TRISC                               (abs)        000F94
_TRISC6                              (abs)        007CA6
_TRISC7                              (abs)        007CA7
_TRISCbits                           (abs)        000F94
_TRISD                               (abs)        000F95
_TRISD6                              (abs)        007CAE
_TRISD7                              (abs)        007CAF
_TRISE                               (abs)        000F96
_TRISE1                              (abs)        007CB1
_TX1STA                              (abs)        000FAC
_TX2IF                               (abs)        007D24
_TX2STA                              (abs)        000F72
_TX92                                (abs)        007B96
_TX9D2                               (abs)        007B90
_TXEN1                               (abs)        007D65
_TXEN2                               (abs)        007B95
_TXREG2                              (abs)        000F73
__CFG_BOREN$SBORDIS                  (abs)        000000
__CFG_BORV$190                       (abs)        000000
__CFG_CCP2MX$PORTC1                  (abs)        000000
__CFG_CCP3MX$PORTB5                  (abs)        000000
__CFG_CP0$ON                         (abs)        000000
__CFG_CP1$ON                         (abs)        000000
__CFG_CP2$ON                         (abs)        000000
__CFG_CP3$ON                         (abs)        000000
__CFG_CPB$ON                         (abs)        000000
__CFG_CPD$OFF                        (abs)        000000
__CFG_EBTR0$OFF                      (abs)        000000
__CFG_EBTR1$OFF                      (abs)        000000
__CFG_EBTR2$OFF                      (abs)        000000
__CFG_EBTR3$OFF                      (abs)        000000
__CFG_EBTRB$OFF                      (abs)        000000
__CFG_FCMEN$OFF                      (abs)        000000
__CFG_FOSC$INTIO67                   (abs)        000000
__CFG_HFOFST$ON                      (abs)        000000
__CFG_IESO$OFF                       (abs)        000000
__CFG_LVP$OFF                        (abs)        000000
__CFG_MCLRE$EXTMCLR                  (abs)        000000
__CFG_P2BMX$PORTD2                   (abs)        000000
__CFG_PBADEN$ON                      (abs)        000000
__CFG_PLLCFG$OFF                     (abs)        000000
__CFG_PRICLKEN$ON                    (abs)        000000
__CFG_PWRTEN$ON                      (abs)        000000
__CFG_STVREN$ON                      (abs)        000000
__CFG_T3CMX$PORTC0                   (abs)        000000
__CFG_WDTEN$OFF                      (abs)        000000
__CFG_WDTPS$32768                    (abs)        000000
__CFG_WRT0$OFF                       (abs)        000000
__CFG_WRT1$OFF                       (abs)        000000
__CFG_WRT2$OFF                       (abs)        000000
__CFG_WRT3$OFF                       (abs)        000000
__CFG_WRTB$OFF                       (abs)        000000
__CFG_WRTC$OFF                       (abs)        000000
__CFG_WRTD$OFF                       (abs)        000000
__CFG_XINST$OFF                      (abs)        000000
__HRAM                               (abs)        000000
__Habs1                              abs1         000000
__Hbank0                             bank0        000000
__Hbank1                             bank1        000000
__Hbank10                            bank10       000000
__Hbank11                            bank11       000000
__Hbank12                            bank12       000000
__Hbank13                            bank13       000000
__Hbank14                            bank14       000000
__Hbank15                            bank15       000000
__Hbank2                             bank2        000000
__Hbank3                             bank3        000000
__Hbank4                             bank4        000000
__Hbank5                             bank5        000000
__Hbank6                             bank6        000000
__Hbank7                             bank7        000000
__Hbank8                             bank8        000000
__Hbank9                             bank9        000000
__Hbigbss                            bigbss       000000
__Hbigdata                           bigdata      000000
__Hbigram                            bigram       000000
__Hbss                               bss          000000
__HbssBANK0                          bssBANK0     000000
__HbssBANK1                          bssBANK1     000000
__HbssCOMRAM                         bssCOMRAM    000000
__Hcinit                             cinit        000000
__Hclrtext                           clrtext      000000
__Hcomram                            comram       000000
__Hconfig                            config       30000E
__Hconst                             const        000000
__HcstackBANK0                       cstackBANK0  000000
__HcstackCOMRAM                      cstackCOMRAM 000000
__Hdata                              data         000000
__Heeprom_data                       eeprom_data  000000
__Hfarbss                            farbss       000000
__Hfardata                           fardata      000000
__Hibigdata                          ibigdata     000000
__Hidata                             idata        000000
__Hidloc                             idloc        200008
__Hifardata                          ifardata     000000
__Hinit                              init         00011E
__Hintcode                           intcode      00011A
__Hintcode_body                      intcode_body 000000
__Hintcodelo                         intcodelo    00011A
__Hintentry                          intentry     000000
__Hintret                            intret       000000
__Hintsave_regs                      intsave_regs 000000
__Hirdata                            irdata       000000
__Hmediumconst                       mediumconst  000000
__HnvFARRAM                          nvFARRAM     000000
__Hnvbit                             nvbit        000000
__Hnvrram                            nvrram       000000
__Hparam                             rparam       000000
__Hpowerup                           powerup      00011A
__Hram                               ram          000000
__Hramtop                            ramtop       001000
__Hrbit                              rbit         000000
__Hrbss                              rbss         000000
__Hrdata                             rdata        000000
__Hreset_vec                         reset_vec    000004
__Hrparam                            rparam       000000
__Hsfr                               sfr          000000
__Hsmallconst                        smallconst   001056
__Hspace_0                           (abs)        30000E
__Hspace_1                           (abs)        0001D0
__Hspace_2                           (abs)        000000
__Hstack                             stack        000000
__Hstruct                            struct       000000
__Htemp                              temp         00004D
__Htext                              text         000000
__Htext0                             text0        000000
__Htext1                             text1        000000
__Htext10                            text10       000000
__Htext11                            text11       000000
__Htext12                            text12       000000
__Htext13                            text13       000000
__Htext14                            text14       000000
__Htext15                            text15       000000
__Htext16                            text16       000000
__Htext17                            text17       000000
__Htext18                            text18       000000
__Htext19                            text19       000000
__Htext2                             text2        000000
__Htext20                            text20       000000
__Htext21                            text21       000000
__Htext22                            text22       000000
__Htext23                            text23       000000
__Htext24                            text24       000000
__Htext25                            text25       000000
__Htext26                            text26       000000
__Htext27                            text27       000000
__Htext28                            text28       000000
__Htext29                            text29       000000
__Htext3                             text3        000000
__Htext30                            text30       000000
__Htext31                            text31       000000
__Htext32                            text32       000000
__Htext33                            text33       000000
__Htext34                            text34       000000
__Htext35                            text35       000000
__Htext36                            text36       000000
__Htext37                            text37       000000
__Htext38                            text38       000000
__Htext39                            text39       000000
__Htext4                             text4        000000
__Htext40                            text40       000000
__Htext41                            text41       000000
__Htext42                            text42       000000
__Htext43                            text43       000000
__Htext44                            text44       000000
__Htext46                            text46       000000
__Htext5                             text5        000000
__Htext6                             text6        000000
__Htext7                             text7        000000
__Htext8                             text8        000000
__Htext9                             text9        000000
__LRAM                               (abs)        000001
__Labs1                              abs1         000000
__Lbank0                             bank0        000000
__Lbank1                             bank1        000000
__Lbank10                            bank10       000000
__Lbank11                            bank11       000000
__Lbank12                            bank12       000000
__Lbank13                            bank13       000000
__Lbank14                            bank14       000000
__Lbank15                            bank15       000000
__Lbank2                             bank2        000000
__Lbank3                             bank3        000000
__Lbank4                             bank4        000000
__Lbank5                             bank5        000000
__Lbank6                             bank6        000000
__Lbank7                             bank7        000000
__Lbank8                             bank8        000000
__Lbank9                             bank9        000000
__Lbigbss                            bigbss       000000
__Lbigdata                           bigdata      000000
__Lbigram                            bigram       000000
__Lbss                               bss          000000
__LbssBANK0                          bssBANK0     000000
__LbssBANK1                          bssBANK1     000000
__LbssCOMRAM                         bssCOMRAM    000000
__Lcinit                             cinit        000000
__Lclrtext                           clrtext      000000
__Lcomram                            comram       000000
__Lconfig                            config       300000
__Lconst                             const        000000
__LcstackBANK0                       cstackBANK0  000000
__LcstackCOMRAM                      cstackCOMRAM 000000
__Ldata                              data         000000
__Leeprom_data                       eeprom_data  000000
__Lfarbss                            farbss       000000
__Lfardata                           fardata      000000
__Libigdata                          ibigdata     000000
__Lidata                             idata        000000
__Lidloc                             idloc        200000
__Lifardata                          ifardata     000000
__Linit                              init         00011A
__Lintcode                           intcode      000008
__Lintcode_body                      intcode_body 000000
__Lintcodelo                         intcodelo    00011A
__Lintentry                          intentry     000000
__Lintret                            intret       000000
__Lintsave_regs                      intsave_regs 000000
__Lirdata                            irdata       000000
__Lmediumconst                       mediumconst  000000
__LnvFARRAM                          nvFARRAM     000000
__Lnvbit                             nvbit        000000
__Lnvrram                            nvrram       000000
__Lparam                             rparam       000000
__Lpowerup                           powerup      00011A
__Lram                               ram          000000
__Lramtop                            ramtop       001000
__Lrbit                              rbit         000000
__Lrbss                              rbss         000000
__Lrdata                             rdata        000000
__Lreset_vec                         reset_vec    000000
__Lrparam                            rparam       000000
__Lsfr                               sfr          000000
__Lsmallconst                        smallconst   001000
__Lspace_0                           (abs)        000000
__Lspace_1                           (abs)        000000
__Lspace_2                           (abs)        000000
__Lstack                             stack        000000
__Lstruct                            struct       000000
__Ltemp                              temp         00004C
__Ltext                              text         000000
__Ltext0                             text0        000000
__Ltext1                             text1        000000
__Ltext10                            text10       000000
__Ltext11                            text11       000000
__Ltext12                            text12       000000
__Ltext13                            text13       000000
__Ltext14                            text14       000000
__Ltext15                            text15       000000
__Ltext16                            text16       000000
__Ltext17                            text17       000000
__Ltext18                            text18       000000
__Ltext19                            text19       000000
__Ltext2                             text2        000000
__Ltext20                            text20       000000
__Ltext21                            text21       000000
__Ltext22                            text22       000000
__Ltext23                            text23       000000
__Ltext24                            text24       000000
__Ltext25                            text25       000000
__Ltext26                            text26       000000
__Ltext27                            text27       000000
__Ltext28                            text28       000000
__Ltext29                            text29       000000
__Ltext3                             text3        000000
__Ltext30                            text30       000000
__Ltext31                            text31       000000
__Ltext32                            text32       000000
__Ltext33                            text33       000000
__Ltext34                            text34       000000
__Ltext35                            text35       000000
__Ltext36                            text36       000000
__Ltext37                            text37       000000
__Ltext38                            text38       000000
__Ltext39                            text39       000000
__Ltext4                             text4        000000
__Ltext40                            text40       000000
__Ltext41                            text41       000000
__Ltext42                            text42       000000
__Ltext43                            text43       000000
__Ltext44                            text44       000000
__Ltext46                            text46       000000
__Ltext5                             text5        000000
__Ltext6                             text6        000000
__Ltext7                             text7        000000
__Ltext8                             text8        000000
__Ltext9                             text9        000000
__S0                                 (abs)        30000E
__S1                                 (abs)        0001D0
__S2                                 (abs)        000000
___inthi_sp                          stack        000000
___intlo_sp                          stack        000000
___param_bank                        (abs)        000000
___rparam_used                       (abs)        000001
___sp                                stack        000000
__accesstop                          (abs)        000060
__activetblptr                       (abs)        000002
__end_of_CRC_16                      text43       0024F4
__end_of_FillNSend_Echo_Frame        text32       0026E2
__end_of__initialization             cinit        00290A
__end_of_accept_key                  text31       0025AA
__end_of_address_error               text30       002772
__end_of_basems_wait                 text8        0021B2
__end_of_bcd_ascii_tbl               smallconst   001011
__end_of_calculate_parity            text12       002990
__end_of_datalog_event_check         text44       002424
__end_of_decode_mbus_frame           text20       0019EC
__end_of_delay_ms                    text7        0029CA
__end_of_dicing_slicing              text19       00200E
__end_of_fault_detection             text6        001516
__end_of_function_error              text42       0027BA
__end_of_green_led                   smallconst   001019
__end_of_group_tbl                   smallconst   001050
__end_of_health_flash                text46       0028E6
__end_of_hex2pbcd                    text29       00296C
__end_of_i2c_byte_rd                 text34       0022BE
__end_of_i2c_byte_wr                 text28       0023AE
__end_of_i2c_delay                   text40       00287C
__end_of_i2c_int_wr                  text27       002696
__end_of_i2c_no_ackout               text39       002A04
__end_of_i2c_shift_in                text38       0028B2
__end_of_i2c_shift_out               text37       0025FE
__end_of_i2c_start                   text36       0029F2
__end_of_i2c_stop                    text35       002A14
__end_of_init                        text5        002552
__end_of_init_i2c_gpios              text4        002A1A
__end_of_init_rtc                    text3        001EEC
__end_of_init_uart                   text2        00264A
__end_of_isr                         intcode      00011A
__end_of_log_wr                      text26       0016CE
__end_of_main                        text0        002336
__end_of_no_nc_tbl                   smallconst   001053
__end_of_noise_rejection_off         text18       00209C
__end_of_onebit_high_tbl             smallconst   001031
__end_of_onebit_high_tbl2            smallconst   001039
__end_of_pbcd2hex                    text17       0029B0
__end_of_poll_rtc                    text15       002128
__end_of_read_165_dip                text14       001CF2
__end_of_read_165_fault              text13       002494
__end_of_red_led                     smallconst   001021
__end_of_red_led_tbl                 smallconst   001055
__end_of_rep_rly_tbl                 smallconst   001029
__end_of_reset_key                   text25       002238
__end_of_rtc_addr                    smallconst   001047
__end_of_rtc_byte_rd                 text16       00283E
__end_of_rtc_byte_wr                 text24       002942
__end_of_send_continuous             text41       001B5E
__end_of_send_log_rd                 text33       001C2E
__end_of_send_to_master              text11       001F7E
__end_of_silence_key                 text23       0027FE
__end_of_subval_chartbl              smallconst   00104D
__end_of_subval_tbl                  smallconst   001041
__end_of_test_key                    text22       00272A
__end_of_timer_init                  text1        0029E0
__end_of_update_595                  text10       001DB4
__end_of_update_repeat_relay         text9        001E52
__end_of_write_single_holding        text21       00186A
__initialization                     cinit        0028E6
__mediumconst                        mediumconst  000000
__pbssBANK0                          bssBANK0     000060
__pbssBANK1                          bssBANK1     000100
__pbssCOMRAM                         bssCOMRAM    000036
__pcinit                             cinit        0028E6
__pcstackBANK0                       cstackBANK0  0000C4
__pcstackCOMRAM                      cstackCOMRAM 000001
__pintcode                           intcode      000008
__psmallconst                        smallconst   001000
__ptext0                             text0        0022BE
__ptext1                             text1        0029CA
__ptext10                            text10       001CF2
__ptext11                            text11       001EEC
__ptext12                            text12       00296C
__ptext13                            text13       002424
__ptext14                            text14       001C2E
__ptext15                            text15       00209C
__ptext16                            text16       0027FE
__ptext17                            text17       002990
__ptext18                            text18       00200E
__ptext19                            text19       001F7E
__ptext2                             text2        0025FE
__ptext20                            text20       00186A
__ptext21                            text21       0016CE
__ptext22                            text22       0026E2
__ptext23                            text23       0027BA
__ptext24                            text24       002918
__ptext25                            text25       0021B2
__ptext26                            text26       001516
__ptext27                            text27       00264A
__ptext28                            text28       002336
__ptext29                            text29       002942
__ptext3                             text3        001E52
__ptext30                            text30       00272A
__ptext31                            text31       002552
__ptext32                            text32       002696
__ptext33                            text33       001B5E
__ptext34                            text34       002238
__ptext35                            text35       002A04
__ptext36                            text36       0029E0
__ptext37                            text37       0025AA
__ptext38                            text38       00287C
__ptext39                            text39       0029F2
__ptext4                             text4        002A14
__ptext40                            text40       00283E
__ptext41                            text41       0019EC
__ptext42                            text42       002772
__ptext43                            text43       002494
__ptext44                            text44       0023AE
__ptext46                            text46       0028B2
__ptext5                             text5        0024F4
__ptext6                             text6        001056
__ptext7                             text7        0029B0
__ptext8                             text8        002128
__ptext9                             text9        001DB4
__ramtop                             ramtop       001000
__size_of_CRC_16                     (abs)        000000
__size_of_FillNSend_Echo_Frame       (abs)        000000
__size_of_accept_key                 (abs)        000000
__size_of_address_error              (abs)        000000
__size_of_basems_wait                (abs)        000000
__size_of_calculate_parity           (abs)        000000
__size_of_datalog_event_check        (abs)        000000
__size_of_decode_mbus_frame          (abs)        000000
__size_of_delay_ms                   (abs)        000000
__size_of_dicing_slicing             (abs)        000000
__size_of_fault_detection            (abs)        000000
__size_of_function_error             (abs)        000000
__size_of_health_flash               (abs)        000000
__size_of_hex2pbcd                   (abs)        000000
__size_of_i2c_byte_rd                (abs)        000000
__size_of_i2c_byte_wr                (abs)        000000
__size_of_i2c_delay                  (abs)        000000
__size_of_i2c_int_wr                 (abs)        000000
__size_of_i2c_no_ackout              (abs)        000000
__size_of_i2c_shift_in               (abs)        000000
__size_of_i2c_shift_out              (abs)        000000
__size_of_i2c_start                  (abs)        000000
__size_of_i2c_stop                   (abs)        000000
__size_of_init                       (abs)        000000
__size_of_init_i2c_gpios             (abs)        000000
__size_of_init_rtc                   (abs)        000000
__size_of_init_uart                  (abs)        000000
__size_of_isr                        (abs)        000000
__size_of_log_wr                     (abs)        000000
__size_of_main                       (abs)        000000
__size_of_noise_rejection_off        (abs)        000000
__size_of_pbcd2hex                   (abs)        000000
__size_of_poll_rtc                   (abs)        000000
__size_of_read_165_dip               (abs)        000000
__size_of_read_165_fault             (abs)        000000
__size_of_reset_key                  (abs)        000000
__size_of_rtc_byte_rd                (abs)        000000
__size_of_rtc_byte_wr                (abs)        000000
__size_of_send_continuous            (abs)        000000
__size_of_send_log_rd                (abs)        000000
__size_of_send_to_master             (abs)        000000
__size_of_silence_key                (abs)        000000
__size_of_test_key                   (abs)        000000
__size_of_timer_init                 (abs)        000000
__size_of_update_595                 (abs)        000000
__size_of_update_repeat_relay        (abs)        000000
__size_of_write_single_holding       (abs)        000000
__smallconst                         smallconst   001000
_accept_key                          text31       002552
_address_error                       text30       00272A
_basems_wait                         text8        002128
_bcd_array                           bssBANK0     0000B3
_bcd_ascii_tbl                       smallconst   001001
_buffer                              bssBANK1     000100
_calculate_parity                    text12       00296C
_chip_address                        bssBANK0     0000C3
_datalog_event_check                 text44       0023AE
_decode_mbus_frame                   text20       00186A
_delay_ms                            text7        0029B0
_dicing_slicing                      text19       001F7E
_fault_detection                     text6        001056
_function_error                      text42       002772
_gen_var                             bssCOMRAM    000036
_green_led                           smallconst   001011
_group_tbl                           smallconst   00104D
_health_flash                        text46       0028B2
_hex2pbcd                            text29       002942
_i2c_byte_rd                         text34       002238
_i2c_byte_wr                         text28       002336
_i2c_delay                           text40       00283E
_i2c_int_wr                          text27       00264A
_i2c_no_ackout                       text39       0029F2
_i2c_shift_in                        text38       00287C
_i2c_shift_out                       text37       0025AA
_i2c_start                           text36       0029E0
_i2c_stop                            text35       002A04
_init                                text5        0024F4
_init_i2c_gpios                      text4        002A14
_init_rtc                            text3        001E52
_init_uart                           text2        0025FE
_isr                                 intcode      000008
_log_wr                              text26       001516
_logic_var                           bssBANK0     000060
_main                                text0        0022BE
_mbus_var                            bssBANK1     000164
_no_nc_tbl                           smallconst   001050
_noise_rejection_off                 text18       00200E
_onebit_high_tbl                     smallconst   001029
_onebit_high_tbl2                    smallconst   001031
_pbcd2hex                            text17       002990
_poll_rtc                            text15       00209C
_read_165_dip                        text14       001C2E
_read_165_fault                      text13       002424
_red_led                             smallconst   001019
_red_led_tbl                         smallconst   001053
_rep_rly_tbl                         smallconst   001021
_reset_key                           text25       0021B2
_rtc_addr                            smallconst   001041
_rtc_byte_rd                         text16       0027FE
_rtc_byte_wr                         text24       002918
_send_continuous                     text41       0019EC
_send_log_rd                         text33       001B5E
_send_to_master                      text11       001EEC
_silence_key                         text23       0027BA
_subval_chartbl                      smallconst   001047
_subval_tbl                          smallconst   001039
_sure_input_cntr1                    bssCOMRAM    00004B
_sure_input_cntr2                    bssCOMRAM    00004A
_test_key                            text22       0026E2
_timer_init                          text1        0029CA
_uart_data                           bssCOMRAM    000049
_update_595                          text10       001CF2
_update_repeat_relay                 text9        001DB4
_write_single_holding                text21       0016CE
accept_key@i                         cstackCOMRAM 000014
address_error@func                   cstackCOMRAM 00001C
address_error@temp                   cstackCOMRAM 00001E
address_error@un1                    cstackCOMRAM 000020
btemp                                temp         00004C
calculate_parity@counter             cstackCOMRAM 000015
calculate_parity@i                   cstackCOMRAM 000016
calculate_parity@val                 cstackCOMRAM 000014
datalog_event_check@i                cstackCOMRAM 000016
decode_mbus_frame@address            cstackBANK0  0000ED
decode_mbus_frame@length             cstackBANK0  0000EB
decode_mbus_frame@rec_no             cstackBANK0  0000E9
decode_mbus_frame@temp               cstackBANK0  0000E7
decode_mbus_frame@un1                cstackBANK0  0000EF
delay_ms@ms                          cstackBANK0  0000F1
dicing_slicing@i                     cstackCOMRAM 000018
dicing_slicing@j                     cstackCOMRAM 000019
dicing_slicing@m                     cstackCOMRAM 000016
dicing_slicing@n                     cstackCOMRAM 000017
end_of_initialization                cinit        00290A
fault_detection@dipsw                cstackCOMRAM 000019
fault_detection@green_led_data       cstackCOMRAM 00001F
fault_detection@i                    cstackCOMRAM 000021
fault_detection@input                cstackCOMRAM 00001B
fault_detection@j                    cstackCOMRAM 000023
fault_detection@k                    cstackCOMRAM 000022
fault_detection@l                    cstackCOMRAM 000020
fault_detection@led_data             cstackCOMRAM 00001D
fault_detection@red_led_data         cstackCOMRAM 00001E
fault_detection@temp                 cstackCOMRAM 000018
fault_detection@tmp                  cstackCOMRAM 00001C
fault_detection@tmp2                 cstackCOMRAM 00001A
function_error@func                  cstackCOMRAM 00001C
function_error@temp                  cstackCOMRAM 00001E
function_error@un1                   cstackCOMRAM 000020
hex2pbcd@hex_num                     cstackCOMRAM 000014
hex2pbcd@high                        cstackCOMRAM 000015
i2c_byte_rd@addrh                    cstackCOMRAM 00001B
i2c_byte_rd@addrl                    cstackCOMRAM 00001C
i2c_byte_rd@adr                      cstackCOMRAM 000017
i2c_byte_rd@control_byte             cstackCOMRAM 000021
i2c_byte_rd@dev_addr                 cstackCOMRAM 00001E
i2c_byte_rd@temp                     cstackCOMRAM 00001D
i2c_byte_rd@un1                      cstackCOMRAM 00001F
i2c_byte_wr@addrh                    cstackCOMRAM 00001C
i2c_byte_wr@addrl                    cstackCOMRAM 00001D
i2c_byte_wr@adr                      cstackCOMRAM 000017
i2c_byte_wr@control_byte             cstackCOMRAM 000021
i2c_byte_wr@dev_addr                 cstackCOMRAM 00001E
i2c_byte_wr@dta                      cstackCOMRAM 00001B
i2c_byte_wr@un1                      cstackCOMRAM 00001F
i2c_int_wr@adr                       cstackCOMRAM 000022
i2c_int_wr@dev_addr                  cstackCOMRAM 000028
i2c_int_wr@dta                       cstackCOMRAM 000026
i2c_int_wr@un1                       cstackCOMRAM 000029
i2c_shift_in@count                   cstackCOMRAM 000015
i2c_shift_in@in_byte                 cstackCOMRAM 000016
i2c_shift_out@cnts                   cstackCOMRAM 000014
i2c_shift_out@dat                    cstackCOMRAM 000015
i2c_shift_out@i                      cstackCOMRAM 000016
init_rtc@temp                        cstackCOMRAM 00001A
init_rtc@temp2                       cstackCOMRAM 000019
int$flags                            temp         00004C
intlevel0                            text         000000
intlevel1                            text         000000
intlevel2                            text         000000
intlevel3                            text         000000
log_wr@chip_start                    cstackBANK0  0000D8
log_wr@i                             cstackBANK0  0000DC
log_wr@log_buffer                    cstackBANK0  0000C4
log_wr@templ                         cstackBANK0  0000DD
noise_rejection_off@hist_data        cstackCOMRAM 000016
noise_rejection_off@i                cstackCOMRAM 000019
noise_rejection_off@new_data         cstackCOMRAM 000018
noise_rejection_off@temp1            cstackCOMRAM 000017
noise_rejection_off@temp2            cstackCOMRAM 000015
pbcd2hex@pbcdbyte                    cstackCOMRAM 000016
pbcd2hex@tmp                         cstackCOMRAM 000014
pbcd2hex@tmp2                        cstackCOMRAM 000015
poll_rtc@i                           cstackCOMRAM 000019
poll_rtc@polltmr                     bssCOMRAM    000047
read_165_dip@Data                    cstackCOMRAM 000016
read_165_dip@i                       cstackCOMRAM 000018
read_165_dip@j                       cstackCOMRAM 000017
read_165_fault@Data                  cstackCOMRAM 000015
read_165_fault@i                     cstackCOMRAM 000014
read_165_fault@j                     cstackCOMRAM 000016
reset_key@i                          cstackCOMRAM 000014
rtc_byte_rd@adr                      cstackCOMRAM 000017
rtc_byte_rd@temp                     cstackCOMRAM 000018
rtc_byte_wr@adr                      cstackCOMRAM 000018
rtc_byte_wr@dta                      cstackCOMRAM 000017
send_continuous@address              cstackCOMRAM 00001E
send_continuous@i                    cstackCOMRAM 000027
send_continuous@j                    cstackCOMRAM 000028
send_continuous@length               cstackCOMRAM 00001C
send_continuous@tempc                cstackCOMRAM 000026
send_continuous@tempi                cstackCOMRAM 000022
send_continuous@un1                  cstackCOMRAM 000024
send_log_rd@i                        cstackCOMRAM 000030
send_log_rd@record                   cstackCOMRAM 000022
send_log_rd@tempi                    cstackCOMRAM 00002E
send_log_rd@templ                    cstackCOMRAM 00002A
send_to_master@i                     cstackCOMRAM 000018
silence_key@i                        cstackCOMRAM 000014
stackhi                              (abs)        000F37
stacklo                              (abs)        0001D0
start                                init         00011A
start_initialization                 cinit        0028E6
test_key@i                           cstackCOMRAM 000014
update_595@i                         cstackCOMRAM 00001D
update_595@j                         cstackCOMRAM 00001E
update_595@led_buffer_595            cstackCOMRAM 000016
update_595@tmp                       cstackCOMRAM 00001C
update_repeat_relay@i                cstackCOMRAM 000019
update_repeat_relay@j                cstackCOMRAM 00001B
update_repeat_relay@relay_buffer_595 cstackCOMRAM 000016
update_repeat_relay@tmp              cstackCOMRAM 00001A
write_single_holding@address         cstackCOMRAM 000033
write_single_holding@length          cstackCOMRAM 000031
wtemp6                               temp         00004D


FUNCTION INFORMATION:

 *************** function _main *****************
 Defined at:
		line 300 in file "main.c"
 Parameters:    Size  Location     Type
		None
 Auto vars:     Size  Location     Type
		None
 Return value:  Size  Location     Type
                  1    wreg      void 
 Registers used:
		wreg, fsr1l, fsr1h, fsr2l, fsr2h, status,2, status,0, tblptrl, tblptrh, tblptru, prodl, prodh, cstack
 Tracked objects:
		On entry : 
		On exit  : 
		Unchanged: 
 Data sizes:     COMRAM   BANK0   BANK1   BANK2   BANK3   BANK4   BANK5   BANK6   BANK7   BANK8   BANK9  BANK10  BANK11  BANK12  BANK13  BANK14  BANK15
      Params:         0       0       0       0       0       0       0       0       0       0       0       0       0       0       0       0       0
      Locals:         0       0       0       0       0       0       0       0       0       0       0       0       0       0       0       0       0
      Temps:          1       0       0       0       0       0       0       0       0       0       0       0       0       0       0       0       0
      Totals:         1       0       0       0       0       0       0       0       0       0       0       0       0       0       0       0       0
Total ram usage:        1 bytes
 Hardware stack levels required when called:   11
 This function calls:
		_basems_wait
		_datalog_event_check
		_delay_ms
		_fault_detection
		_i2c_byte_rd
		_init
		_init_i2c_gpios
		_init_rtc
		_init_uart
		_log_wr
		_timer_init
 This function is called by:
		Startup code after reset
 This function uses a non-reentrant model


 *************** function _timer_init *****************
 Defined at:
		line 188 in file "main.c"
 Parameters:    Size  Location     Type
		None
 Auto vars:     Size  Location     Type
		None
 Return value:  Size  Location     Type
                  1    wreg      void 
 Registers used:
		wreg, status,2
 Tracked objects:
		On entry : 
		On exit  : 
		Unchanged: 
 Data sizes:     COMRAM   BANK0   BANK1   BANK2   BANK3   BANK4   BANK5   BANK6   BANK7   BANK8   BANK9  BANK10  BANK11  BANK12  BANK13  BANK14  BANK15
      Params:         0       0       0       0       0       0       0       0       0       0       0       0       0       0       0       0       0
      Locals:         0       0       0       0       0       0       0       0       0       0       0       0       0       0       0       0       0
      Temps:          0       0       0       0       0       0       0       0       0       0       0       0       0       0       0       0       0
      Totals:         0       0       0       0       0       0       0       0       0       0       0       0       0       0       0       0       0
Total ram usage:        0 bytes
 Hardware stack levels used:    1
 Hardware stack levels required when called:    2
 This function calls:
		Nothing
 This function is called by:
		_main
 This function uses a non-reentrant model


 *************** function _init_uart *****************
 Defined at:
		line 201 in file "main.c"
 Parameters:    Size  Location     Type
		None
 Auto vars:     Size  Location     Type
		None
 Return value:  Size  Location     Type
                  1    wreg      void 
 Registers used:
		wreg, status,2
 Tracked objects:
		On entry : 
		On exit  : 
		Unchanged: 
 Data sizes:     COMRAM   BANK0   BANK1   BANK2   BANK3   BANK4   BANK5   BANK6   BANK7   BANK8   BANK9  BANK10  BANK11  BANK12  BANK13  BANK14  BANK15
      Params:         0       0       0       0       0       0       0       0       0       0       0       0       0       0       0       0       0
      Locals:         0       0       0       0       0       0       0       0       0       0       0       0       0       0       0       0       0
      Temps:          0       0       0       0       0       0       0       0       0       0       0       0       0       0       0       0       0
      Totals:         0       0       0       0       0       0       0       0       0       0       0       0       0       0       0       0       0
Total ram usage:        0 bytes
 Hardware stack levels used:    1
 Hardware stack levels required when called:    2
 This function calls:
		Nothing
 This function is called by:
		_main
 This function uses a non-reentrant model


 *************** function _init_rtc *****************
 Defined at:
		line 297 in file "i2c_e2p_rtc.c"
 Parameters:    Size  Location     Type
		None
 Auto vars:     Size  Location     Type
  temp            1   25[COMRAM] unsigned char 
  temp2           1   24[COMRAM] unsigned char 
 Return value:  Size  Location     Type
                  1    wreg      void 
 Registers used:
		wreg, status,2, status,0, cstack
 Tracked objects:
		On entry : 
		On exit  : 
		Unchanged: 
 Data sizes:     COMRAM   BANK0   BANK1   BANK2   BANK3   BANK4   BANK5   BANK6   BANK7   BANK8   BANK9  BANK10  BANK11  BANK12  BANK13  BANK14  BANK15
      Params:         0       0       0       0       0       0       0       0       0       0       0       0       0       0       0       0       0
      Locals:         2       0       0       0       0       0       0       0       0       0       0       0       0       0       0       0       0
      Temps:          0       0       0       0       0       0       0       0       0       0       0       0       0       0       0       0       0
      Totals:         2       0       0       0       0       0       0       0       0       0       0       0       0       0       0       0       0
Total ram usage:        2 bytes
 Hardware stack levels used:    1
 Hardware stack levels required when called:    5
 This function calls:
		_rtc_byte_rd
		_rtc_byte_wr
 This function is called by:
		_main
 This function uses a non-reentrant model


 *************** function _init_i2c_gpios *****************
 Defined at:
		line 211 in file "i2c_e2p_rtc.c"
 Parameters:    Size  Location     Type
		None
 Auto vars:     Size  Location     Type
		None
 Return value:  Size  Location     Type
                  1    wreg      void 
 Registers used:
		None
 Tracked objects:
		On entry : 
		On exit  : 
		Unchanged: 
 Data sizes:     COMRAM   BANK0   BANK1   BANK2   BANK3   BANK4   BANK5   BANK6   BANK7   BANK8   BANK9  BANK10  BANK11  BANK12  BANK13  BANK14  BANK15
      Params:         0       0       0       0       0       0       0       0       0       0       0       0       0       0       0       0       0
      Locals:         0       0       0       0       0       0       0       0       0       0       0       0       0       0       0       0       0
      Temps:          0       0       0       0       0       0       0       0       0       0       0       0       0       0       0       0       0
      Totals:         0       0       0       0       0       0       0       0       0       0       0       0       0       0       0       0       0
Total ram usage:        0 bytes
 Hardware stack levels used:    1
 Hardware stack levels required when called:    2
 This function calls:
		Nothing
 This function is called by:
		_main
 This function uses a non-reentrant model


 *************** function _init *****************
 Defined at:
		line 153 in file "main.c"
 Parameters:    Size  Location     Type
		None
 Auto vars:     Size  Location     Type
		None
 Return value:  Size  Location     Type
                  1    wreg      void 
 Registers used:
		wreg, status,2
 Tracked objects:
		On entry : 
		On exit  : 
		Unchanged: 
 Data sizes:     COMRAM   BANK0   BANK1   BANK2   BANK3   BANK4   BANK5   BANK6   BANK7   BANK8   BANK9  BANK10  BANK11  BANK12  BANK13  BANK14  BANK15
      Params:         0       0       0       0       0       0       0       0       0       0       0       0       0       0       0       0       0
      Locals:         0       0       0       0       0       0       0       0       0       0       0       0       0       0       0       0       0
      Temps:          0       0       0       0       0       0       0       0       0       0       0       0       0       0       0       0       0
      Totals:         0       0       0       0       0       0       0       0       0       0       0       0       0       0       0       0       0
Total ram usage:        0 bytes
 Hardware stack levels used:    1
 Hardware stack levels required when called:    2
 This function calls:
		Nothing
 This function is called by:
		_main
 This function uses a non-reentrant model


 *************** function _fault_detection *****************
 Defined at:
		line 111 in file "logic.c"
 Parameters:    Size  Location     Type
		None
 Auto vars:     Size  Location     Type
  j               1   34[COMRAM] unsigned char 
  k               1   33[COMRAM] unsigned char 
  i               1   32[COMRAM] unsigned char 
  l               1   31[COMRAM] unsigned char 
  green_led_da    1   30[COMRAM] unsigned char 
  red_led_data    1   29[COMRAM] unsigned char 
  led_data        1   28[COMRAM] unsigned char 
  tmp             1   27[COMRAM] unsigned char 
  input           1   26[COMRAM] unsigned char 
  tmp2            1   25[COMRAM] unsigned char 
  dipsw           1   24[COMRAM] unsigned char 
  temp            1   23[COMRAM] unsigned char 
  rly_data        1    0        unsigned char 
 Return value:  Size  Location     Type
                  1    wreg      void 
 Registers used:
		wreg, fsr1l, fsr1h, fsr2l, fsr2h, status,2, status,0, tblptrl, tblptrh, tblptru, prodl, prodh, cstack
 Tracked objects:
		On entry : 
		On exit  : 
		Unchanged: 
 Data sizes:     COMRAM   BANK0   BANK1   BANK2   BANK3   BANK4   BANK5   BANK6   BANK7   BANK8   BANK9  BANK10  BANK11  BANK12  BANK13  BANK14  BANK15
      Params:         0       0       0       0       0       0       0       0       0       0       0       0       0       0       0       0       0
      Locals:        12       0       0       0       0       0       0       0       0       0       0       0       0       0       0       0       0
      Temps:          3       0       0       0       0       0       0       0       0       0       0       0       0       0       0       0       0
      Totals:        15       0       0       0       0       0       0       0       0       0       0       0       0       0       0       0       0
Total ram usage:       15 bytes
 Hardware stack levels used:    1
 Hardware stack levels required when called:    3
 This function calls:
		_accept_key
		_reset_key
		_silence_key
		_test_key
 This function is called by:
		_main
 This function uses a non-reentrant model


 *************** function _delay_ms *****************
 Defined at:
		line 238 in file "main.c"
 Parameters:    Size  Location     Type
  ms              2   45[BANK0 ] unsigned int 
 Auto vars:     Size  Location     Type
		None
 Return value:  Size  Location     Type
                  1    wreg      void 
 Registers used:
		wreg, fsr1l, fsr1h, fsr2l, fsr2h, status,2, status,0, tblptrl, tblptrh, tblptru, prodl, prodh, cstack
 Tracked objects:
		On entry : 
		On exit  : 
		Unchanged: 
 Data sizes:     COMRAM   BANK0   BANK1   BANK2   BANK3   BANK4   BANK5   BANK6   BANK7   BANK8   BANK9  BANK10  BANK11  BANK12  BANK13  BANK14  BANK15
      Params:         0       2       0       0       0       0       0       0       0       0       0       0       0       0       0       0       0
      Locals:         0       0       0       0       0       0       0       0       0       0       0       0       0       0       0       0       0
      Temps:          0       0       0       0       0       0       0       0       0       0       0       0       0       0       0       0       0
      Totals:         0       2       0       0       0       0       0       0       0       0       0       0       0       0       0       0       0
Total ram usage:        2 bytes
 Hardware stack levels used:    1
 Hardware stack levels required when called:   10
 This function calls:
		_basems_wait
 This function is called by:
		_main
 This function uses a non-reentrant model


 *************** function _basems_wait *****************
 Defined at:
		line 256 in file "main.c"
 Parameters:    Size  Location     Type
		None
 Auto vars:     Size  Location     Type
		None
 Return value:  Size  Location     Type
                  1    wreg      void 
 Registers used:
		wreg, fsr1l, fsr1h, fsr2l, fsr2h, status,2, status,0, tblptrl, tblptrh, tblptru, prodl, prodh, cstack
 Tracked objects:
		On entry : 
		On exit  : 
		Unchanged: 
 Data sizes:     COMRAM   BANK0   BANK1   BANK2   BANK3   BANK4   BANK5   BANK6   BANK7   BANK8   BANK9  BANK10  BANK11  BANK12  BANK13  BANK14  BANK15
      Params:         0       0       0       0       0       0       0       0       0       0       0       0       0       0       0       0       0
      Locals:         0       0       0       0       0       0       0       0       0       0       0       0       0       0       0       0       0
      Temps:          0       0       0       0       0       0       0       0       0       0       0       0       0       0       0       0       0
      Totals:         0       0       0       0       0       0       0       0       0       0       0       0       0       0       0       0       0
Total ram usage:        0 bytes
 Hardware stack levels used:    1
 Hardware stack levels required when called:    9
 This function calls:
		_decode_mbus_frame
		_dicing_slicing
		_noise_rejection_off
		_poll_rtc
		_read_165_dip
		_read_165_fault
		_send_to_master
		_update_595
		_update_repeat_relay
 This function is called by:
		_delay_ms
		_main
 This function uses a non-reentrant model


 *************** function _update_repeat_relay *****************
 Defined at:
		line 84 in file "hw_layer.c"
 Parameters:    Size  Location     Type
		None
 Auto vars:     Size  Location     Type
  relay_buffer    3   21[COMRAM] unsigned char [3]
  j               1   26[COMRAM] unsigned char 
  tmp             1   25[COMRAM] unsigned char 
  i               1   24[COMRAM] unsigned char 
 Return value:  Size  Location     Type
                  1    wreg      void 
 Registers used:
		wreg, fsr1l, fsr1h, fsr2l, fsr2h, status,2, status,0, prodl, prodh
 Tracked objects:
		On entry : 
		On exit  : 
		Unchanged: 
 Data sizes:     COMRAM   BANK0   BANK1   BANK2   BANK3   BANK4   BANK5   BANK6   BANK7   BANK8   BANK9  BANK10  BANK11  BANK12  BANK13  BANK14  BANK15
      Params:         0       0       0       0       0       0       0       0       0       0       0       0       0       0       0       0       0
      Locals:         6       0       0       0       0       0       0       0       0       0       0       0       0       0       0       0       0
      Temps:          2       0       0       0       0       0       0       0       0       0       0       0       0       0       0       0       0
      Totals:         8       0       0       0       0       0       0       0       0       0       0       0       0       0       0       0       0
Total ram usage:        8 bytes
 Hardware stack levels used:    1
 Hardware stack levels required when called:    2
 This function calls:
		Nothing
 This function is called by:
		_basems_wait
 This function uses a non-reentrant model


 *************** function _update_595 *****************
 Defined at:
		line 14 in file "hw_layer.c"
 Parameters:    Size  Location     Type
		None
 Auto vars:     Size  Location     Type
  led_buffer_5    6   21[COMRAM] unsigned char [6]
  j               1   29[COMRAM] unsigned char 
  i               1   28[COMRAM] unsigned char 
  tmp             1   27[COMRAM] unsigned char 
  tmp2            1    0        unsigned char 
 Return value:  Size  Location     Type
                  1    wreg      void 
 Registers used:
		wreg, fsr1l, fsr1h, fsr2l, fsr2h, status,2, status,0, tblptrl, tblptrh, tblptru, prodl, prodh
 Tracked objects:
		On entry : 
		On exit  : 
		Unchanged: 
 Data sizes:     COMRAM   BANK0   BANK1   BANK2   BANK3   BANK4   BANK5   BANK6   BANK7   BANK8   BANK9  BANK10  BANK11  BANK12  BANK13  BANK14  BANK15
      Params:         0       0       0       0       0       0       0       0       0       0       0       0       0       0       0       0       0
      Locals:         9       0       0       0       0       0       0       0       0       0       0       0       0       0       0       0       0
      Temps:          2       0       0       0       0       0       0       0       0       0       0       0       0       0       0       0       0
      Totals:        11       0       0       0       0       0       0       0       0       0       0       0       0       0       0       0       0
Total ram usage:       11 bytes
 Hardware stack levels used:    1
 Hardware stack levels required when called:    2
 This function calls:
		Nothing
 This function is called by:
		_basems_wait
 This function uses a non-reentrant model


 *************** function _send_to_master *****************
 Defined at:
		line 280 in file "modbus.c"
 Parameters:    Size  Location     Type
		None
 Auto vars:     Size  Location     Type
  i               2   23[COMRAM] unsigned int 
 Return value:  Size  Location     Type
                  1    wreg      void 
 Registers used:
		wreg, fsr2l, fsr2h, status,2, status,0, prodl, prodh, cstack
 Tracked objects:
		On entry : 
		On exit  : 
		Unchanged: 
 Data sizes:     COMRAM   BANK0   BANK1   BANK2   BANK3   BANK4   BANK5   BANK6   BANK7   BANK8   BANK9  BANK10  BANK11  BANK12  BANK13  BANK14  BANK15
      Params:         0       0       0       0       0       0       0       0       0       0       0       0       0       0       0       0       0
      Locals:         2       0       0       0       0       0       0       0       0       0       0       0       0       0       0       0       0
      Temps:          1       0       0       0       0       0       0       0       0       0       0       0       0       0       0       0       0
      Totals:         3       0       0       0       0       0       0       0       0       0       0       0       0       0       0       0       0
Total ram usage:        3 bytes
 Hardware stack levels used:    1
 Hardware stack levels required when called:    3
 This function calls:
		_calculate_parity
 This function is called by:
		_basems_wait
 This function uses a non-reentrant model


 *************** function _calculate_parity *****************
 Defined at:
		line 414 in file "hw_layer.c"
 Parameters:    Size  Location     Type
  val             1    wreg     unsigned char 
 Auto vars:     Size  Location     Type
  val             1   19[COMRAM] unsigned char 
  i               1   21[COMRAM] unsigned char 
  counter         1   20[COMRAM] unsigned char 
 Return value:  Size  Location     Type
                  1    wreg      unsigned char 
 Registers used:
		wreg, status,2, status,0
 Tracked objects:
		On entry : 
		On exit  : 
		Unchanged: 
 Data sizes:     COMRAM   BANK0   BANK1   BANK2   BANK3   BANK4   BANK5   BANK6   BANK7   BANK8   BANK9  BANK10  BANK11  BANK12  BANK13  BANK14  BANK15
      Params:         0       0       0       0       0       0       0       0       0       0       0       0       0       0       0       0       0
      Locals:         3       0       0       0       0       0       0       0       0       0       0       0       0       0       0       0       0
      Temps:          0       0       0       0       0       0       0       0       0       0       0       0       0       0       0       0       0
      Totals:         3       0       0       0       0       0       0       0       0       0       0       0       0       0       0       0       0
Total ram usage:        3 bytes
 Hardware stack levels used:    1
 Hardware stack levels required when called:    2
 This function calls:
		Nothing
 This function is called by:
		_send_to_master
 This function uses a non-reentrant model


 *************** function _read_165_fault *****************
 Defined at:
		line 129 in file "hw_layer.c"
 Parameters:    Size  Location     Type
		None
 Auto vars:     Size  Location     Type
  j               1   21[COMRAM] unsigned char 
  Data            1   20[COMRAM] unsigned char 
  i               1   19[COMRAM] unsigned char 
 Return value:  Size  Location     Type
                  1    wreg      void 
 Registers used:
		wreg, fsr2l, fsr2h, status,2, status,0, prodl, prodh
 Tracked objects:
		On entry : 
		On exit  : 
		Unchanged: 
 Data sizes:     COMRAM   BANK0   BANK1   BANK2   BANK3   BANK4   BANK5   BANK6   BANK7   BANK8   BANK9  BANK10  BANK11  BANK12  BANK13  BANK14  BANK15
      Params:         0       0       0       0       0       0       0       0       0       0       0       0       0       0       0       0       0
      Locals:         3       0       0       0       0       0       0       0       0       0       0       0       0       0       0       0       0
      Temps:          0       0       0       0       0       0       0       0       0       0       0       0       0       0       0       0       0
      Totals:         3       0       0       0       0       0       0       0       0       0       0       0       0       0       0       0       0
Total ram usage:        3 bytes
 Hardware stack levels used:    1
 Hardware stack levels required when called:    2
 This function calls:
		Nothing
 This function is called by:
		_basems_wait
 This function uses a non-reentrant model


 *************** function _read_165_dip *****************
 Defined at:
		line 165 in file "hw_layer.c"
 Parameters:    Size  Location     Type
		None
 Auto vars:     Size  Location     Type
  i               1   23[COMRAM] unsigned char 
[...]
                  1    wreg      void 
 Registers used:
		cstack
 Tracked objects:
		On entry : 
		On exit  : 
		Unchanged: 
 Data sizes:     COMRAM   BANK0   BANK1   BANK2   BANK3   BANK4   BANK5   BANK6   BANK7   BANK8   BANK9  BANK10  BANK11  BANK12  BANK13  BANK14  BANK15
      Params:         0       0       0       0       0       0       0       0       0       0       0       0       0       0       0       0       0
      Locals:         0       0       0       0       0       0       0       0       0       0       0       0       0       0       0       0       0
      Temps:          0       0       0       0       0       0       0       0       0       0       0       0       0       0       0       0       0
      Totals:         0       0       0       0       0       0       0       0       0       0       0       0       0       0       0       0       0
Total ram usage:        0 bytes
 Hardware stack levels used:    1
 Hardware stack levels required when called:    3
 This function calls:
		_i2c_delay
 This function is called by:
		_i2c_byte_rd
		_i2c_byte_wr
		_rtc_byte_wr
		_rtc_byte_rd
 This function uses a non-reentrant model


 *************** function _i2c_shift_out *****************
 Defined at:
		line 21 in file "i2c_e2p_rtc.c"
 Parameters:    Size  Location     Type
  dat             1    wreg     unsigned char 
  cnts            1   19[COMRAM] unsigned char 
 Auto vars:     Size  Location     Type
  dat             1   20[COMRAM] unsigned char 
  i               1   21[COMRAM] unsigned char 
 Return value:  Size  Location     Type
                  1    wreg      void 
 Registers used:
		wreg, status,2, status,0, cstack
 Tracked objects:
		On entry : 
		On exit  : 
		Unchanged: 
 Data sizes:     COMRAM   BANK0   BANK1   BANK2   BANK3   BANK4   BANK5   BANK6   BANK7   BANK8   BANK9  BANK10  BANK11  BANK12  BANK13  BANK14  BANK15
      Params:         1       0       0       0       0       0       0       0       0       0       0       0       0       0       0       0       0
      Locals:         2       0       0       0       0       0       0       0       0       0       0       0       0       0       0       0       0
      Temps:          0       0       0       0       0       0       0       0       0       0       0       0       0       0       0       0       0
      Totals:         3       0       0       0       0       0       0       0       0       0       0       0       0       0       0       0       0
Total ram usage:        3 bytes
 Hardware stack levels used:    1
 Hardware stack levels required when called:    3
 This function calls:
		_i2c_delay
 This function is called by:
		_i2c_byte_rd
		_i2c_byte_wr
		_rtc_byte_wr
		_rtc_byte_rd
 This function uses a non-reentrant model


 *************** function _i2c_shift_in *****************
 Defined at:
		line 71 in file "i2c_e2p_rtc.c"
 Parameters:    Size  Location     Type
  count           1    wreg     unsigned char 
 Auto vars:     Size  Location     Type
  count           1   20[COMRAM] unsigned char 
  in_byte         1   21[COMRAM] unsigned char 
 Return value:  Size  Location     Type
                  1    wreg      unsigned char 
 Registers used:
		wreg, status,2, status,0, cstack
 Tracked objects:
		On entry : 
		On exit  : 
		Unchanged: 
 Data sizes:     COMRAM   BANK0   BANK1   BANK2   BANK3   BANK4   BANK5   BANK6   BANK7   BANK8   BANK9  BANK10  BANK11  BANK12  BANK13  BANK14  BANK15
      Params:         0       0       0       0       0       0       0       0       0       0       0       0       0       0       0       0       0
      Locals:         2       0       0       0       0       0       0       0       0       0       0       0       0       0       0       0       0
      Temps:          1       0       0       0       0       0       0       0       0       0       0       0       0       0       0       0       0
      Totals:         3       0       0       0       0       0       0       0       0       0       0       0       0       0       0       0       0
Total ram usage:        3 bytes
 Hardware stack levels used:    1
 Hardware stack levels required when called:    3
 This function calls:
		_i2c_delay
 This function is called by:
		_i2c_byte_rd
		_rtc_byte_rd
 This function uses a non-reentrant model


 *************** function _i2c_no_ackout *****************
 Defined at:
		line 115 in file "i2c_e2p_rtc.c"
 Parameters:    Size  Location     Type
		None
 Auto vars:     Size  Location     Type
		None
 Return value:  Size  Location     Type
                  1    wreg      void 
 Registers used:
		cstack
 Tracked objects:
		On entry : 
		On exit  : 
		Unchanged: 
 Data sizes:     COMRAM   BANK0   BANK1   BANK2   BANK3   BANK4   BANK5   BANK6   BANK7   BANK8   BANK9  BANK10  BANK11  BANK12  BANK13  BANK14  BANK15
      Params:         0       0       0       0       0       0       0       0       0       0       0       0       0       0       0       0       0
      Locals:         0       0       0       0       0       0       0       0       0       0       0       0       0       0       0       0       0
      Temps:          0       0       0       0       0       0       0       0       0       0       0       0       0       0       0       0       0
      Totals:         0       0       0       0       0       0       0       0       0       0       0       0       0       0       0       0       0
Total ram usage:        0 bytes
 Hardware stack levels used:    1
 Hardware stack levels required when called:    3
 This function calls:
		_i2c_delay
 This function is called by:
		_i2c_byte_rd
		_rtc_byte_rd
 This function uses a non-reentrant model


 *************** function _i2c_delay *****************
 Defined at:
		line 9 in file "i2c_e2p_rtc.c"
 Parameters:    Size  Location     Type
		None
 Auto vars:     Size  Location     Type
		None
 Return value:  Size  Location     Type
                  1    wreg      void 
 Registers used:
		None
 Tracked objects:
		On entry : 
		On exit  : 
		Unchanged: 
 Data sizes:     COMRAM   BANK0   BANK1   BANK2   BANK3   BANK4   BANK5   BANK6   BANK7   BANK8   BANK9  BANK10  BANK11  BANK12  BANK13  BANK14  BANK15
      Params:         0       0       0       0       0       0       0       0       0       0       0       0       0       0       0       0       0
      Locals:         0       0       0       0       0       0       0       0       0       0       0       0       0       0       0       0       0
      Temps:          0       0       0       0       0       0       0       0       0       0       0       0       0       0       0       0       0
      Totals:         0       0       0       0       0       0       0       0       0       0       0       0       0       0       0       0       0
Total ram usage:        0 bytes
 Hardware stack levels used:    1
 Hardware stack levels required when called:    2
 This function calls:
		Nothing
 This function is called by:
		_i2c_shift_out
		_i2c_shift_in
		_i2c_no_ackout
		_i2c_start
		_i2c_stop
		_i2c_ackout
 This function uses a non-reentrant model


 *************** function _send_continuous *****************
 Defined at:
		line 317 in file "modbus.c"
 Parameters:    Size  Location     Type
  length          2   27[COMRAM] unsigned int 
  address         2   29[COMRAM] unsigned int 
 Auto vars:     Size  Location     Type
  un1             2   35[COMRAM] struct int_char
  tempi           2   33[COMRAM] unsigned int 
  j               1   39[COMRAM] unsigned char 
  i               1   38[COMRAM] unsigned char 
  tempc           1   37[COMRAM] unsigned char 
 Return value:  Size  Location     Type
                  1    wreg      void 
 Registers used:
		wreg, fsr1l, fsr1h, fsr2l, fsr2h, status,2, status,0, prodl, prodh, cstack
 Tracked objects:
		On entry : 
		On exit  : 
		Unchanged: 
 Data sizes:     COMRAM   BANK0   BANK1   BANK2   BANK3   BANK4   BANK5   BANK6   BANK7   BANK8   BANK9  BANK10  BANK11  BANK12  BANK13  BANK14  BANK15
      Params:         4       0       0       0       0       0       0       0       0       0       0       0       0       0       0       0       0
      Locals:         7       0       0       0       0       0       0       0       0       0       0       0       0       0       0       0       0
      Temps:          2       0       0       0       0       0       0       0       0       0       0       0       0       0       0       0       0
      Totals:        13       0       0       0       0       0       0       0       0       0       0       0       0       0       0       0       0
Total ram usage:       13 bytes
 Hardware stack levels used:    1
 Hardware stack levels required when called:    3
 This function calls:
		_CRC_16
 This function is called by:
		_decode_mbus_frame
 This function uses a non-reentrant model


 *************** function _function_error *****************
 Defined at:
		line 161 in file "modbus.c"
 Parameters:    Size  Location     Type
  func            2   27[COMRAM] unsigned int 
 Auto vars:     Size  Location     Type
  un1             2   31[COMRAM] struct int_char
  temp            2   29[COMRAM] unsigned int 
 Return value:  Size  Location     Type
                  1    wreg      void 
 Registers used:
		wreg, fsr2l, fsr2h, status,2, status,0, cstack
 Tracked objects:
		On entry : 
		On exit  : 
		Unchanged: 
 Data sizes:     COMRAM   BANK0   BANK1   BANK2   BANK3   BANK4   BANK5   BANK6   BANK7   BANK8   BANK9  BANK10  BANK11  BANK12  BANK13  BANK14  BANK15
      Params:         2       0       0       0       0       0       0       0       0       0       0       0       0       0       0       0       0
      Locals:         4       0       0       0       0       0       0       0       0       0       0       0       0       0       0       0       0
      Temps:          0       0       0       0       0       0       0       0       0       0       0       0       0       0       0       0       0
      Totals:         6       0       0       0       0       0       0       0       0       0       0       0       0       0       0       0       0
Total ram usage:        6 bytes
 Hardware stack levels used:    1
 Hardware stack levels required when called:    3
 This function calls:
		_CRC_16
 This function is called by:
		_decode_mbus_frame
 This function uses a non-reentrant model


 *************** function _CRC_16 *****************
 Defined at:
		line 18 in file "modbus.c"
 Parameters:    Size  Location     Type
  ptr             2   19[COMRAM] PTR unsigned char 
		 -> mbus_var(108), 
  cnts            1   21[COMRAM] unsigned char 
 Auto vars:     Size  Location     Type
  crcreg          2   25[COMRAM] struct int_char
  i               1   24[COMRAM] unsigned char 
 Return value:  Size  Location     Type
                  2   19[COMRAM] unsigned int 
 Registers used:
		wreg, fsr2l, fsr2h, status,2, status,0
 Tracked objects:
		On entry : 
		On exit  : 
		Unchanged: 
 Data sizes:     COMRAM   BANK0   BANK1   BANK2   BANK3   BANK4   BANK5   BANK6   BANK7   BANK8   BANK9  BANK10  BANK11  BANK12  BANK13  BANK14  BANK15
      Params:         3       0       0       0       0       0       0       0       0       0       0       0       0       0       0       0       0
      Locals:         3       0       0       0       0       0       0       0       0       0       0       0       0       0       0       0       0
      Temps:          2       0       0       0       0       0       0       0       0       0       0       0       0       0       0       0       0
      Totals:         8       0       0       0       0       0       0       0       0       0       0       0       0       0       0       0       0
Total ram usage:        8 bytes
 Hardware stack levels used:    1
 Hardware stack levels required when called:    2
 This function calls:
		Nothing
 This function is called by:
		_send_log_rd
		_decode_mbus_frame
		_function_error
		_address_error
		_send_continuous
 This function uses a non-reentrant model


 *************** function _datalog_event_check *****************
 Defined at:
		line 6 in file "data_log.c"
 Parameters:    Size  Location     Type
		None
 Auto vars:     Size  Location     Type
  i               1   21[COMRAM] unsigned char 
 Return value:  Size  Location     Type
                  1    wreg      void 
 Registers used:
		wreg, fsr1l, fsr1h, fsr2l, fsr2h, status,2, status,0, prodl, prodh
 Tracked objects:
		On entry : 
		On exit  : 
		Unchanged: 
 Data sizes:     COMRAM   BANK0   BANK1   BANK2   BANK3   BANK4   BANK5   BANK6   BANK7   BANK8   BANK9  BANK10  BANK11  BANK12  BANK13  BANK14  BANK15
      Params:         0       0       0       0       0       0       0       0       0       0       0       0       0       0       0       0       0
      Locals:         1       0       0       0       0       0       0       0       0       0       0       0       0       0       0       0       0
      Temps:          2       0       0       0       0       0       0       0       0       0       0       0       0       0       0       0       0
      Totals:         3       0       0       0       0       0       0       0       0       0       0       0       0       0       0       0       0
Total ram usage:        3 bytes
 Hardware stack levels used:    1
 Hardware stack levels required when called:    2
 This function calls:
		Nothing
 This function is called by:
		_main
 This function uses a non-reentrant model


 *************** function _isr *****************
 Defined at:
		line 98 in file "main.c"
 Parameters:    Size  Location     Type
		None
 Auto vars:     Size  Location     Type
		None
 Return value:  Size  Location     Type
                  1    wreg      void 
 Registers used:
		wreg, fsr2l, fsr2h, status,2, status,0, prodl, prodh, cstack
 Tracked objects:
		On entry : 
		On exit  : 
		Unchanged: 
 Data sizes:     COMRAM   BANK0   BANK1   BANK2   BANK3   BANK4   BANK5   BANK6   BANK7   BANK8   BANK9  BANK10  BANK11  BANK12  BANK13  BANK14  BANK15
      Params:         0       0       0       0       0       0       0       0       0       0       0       0       0       0       0       0       0
      Locals:         0       0       0       0       0       0       0       0       0       0       0       0       0       0       0       0       0
      Temps:         18       0       0       0       0       0       0       0       0       0       0       0       0       0       0       0       0
      Totals:        18       0       0       0       0       0       0       0       0       0       0       0       0       0       0       0       0
Total ram usage:       18 bytes
 Hardware stack levels used:    1
 Hardware stack levels required when called:    1
 This function calls:
		_health_flash
 This function is called by:
		Interrupt level 2
 This function uses a non-reentrant model


 *************** function _health_flash *****************
 Defined at:
		line 83 in file "main.c"
 Parameters:    Size  Location     Type
		None
 Auto vars:     Size  Location     Type
		None
 Return value:  Size  Location     Type
                  1    wreg      void 
 Registers used:
		wreg, status,2, status,0
 Tracked objects:
		On entry : 
		On exit  : 
		Unchanged: 
 Data sizes:     COMRAM   BANK0   BANK1   BANK2   BANK3   BANK4   BANK5   BANK6   BANK7   BANK8   BANK9  BANK10  BANK11  BANK12  BANK13  BANK14  BANK15
      Params:         0       0       0       0       0       0       0       0       0       0       0       0       0       0       0       0       0
      Locals:         0       0       0       0       0       0       0       0       0       0       0       0       0       0       0       0       0
      Temps:          1       0       0       0       0       0       0       0       0       0       0       0       0       0       0       0       0
      Totals:         1       0       0       0       0       0       0       0       0       0       0       0       0       0       0       0       0
Total ram usage:        1 bytes
 Hardware stack levels used:    1
 This function calls:
		Nothing
 This function is called by:
		_isr
 This function uses a non-reentrant model



MODULE INFORMATION

Module		Function		Class		Link	Load	Size
i2c_e2p_rtc.c
		_i2c_byte_rd   		CODE           	2238	0000	135
		_i2c_byte_wr   		CODE           	2336	0000	121
		_pbcd2hex      		CODE           	2990	0000	33
		_i2c_start     		CODE           	29E0	0000	19
		_init_i2c_gpios		CODE           	2A14	0000	7
		_i2c_no_ackout 		CODE           	29F2	0000	19
		_init_rtc      		CODE           	1E52	0000	155
		_i2c_int_wr    		CODE           	264A	0000	77
		_rtc_byte_rd   		CODE           	27FE	0000	65
		_rtc_byte_wr   		CODE           	2918	0000	43
		_i2c_shift_in  		CODE           	287C	0000	55
		_i2c_shift_out 		CODE           	25AA	0000	85
		_i2c_stop      		CODE           	2A04	0000	17
		_hex2pbcd      		CODE           	2942	0000	43
		_i2c_delay     		CODE           	283E	0000	63
		_poll_rtc      		CODE           	209C	0000	141

i2c_e2p_rtc.c estimated size: 1078

modbus.c
		_FillNSend_Echo_Frame		CODE           	2696	0000	77
		_send_continuous		CODE           	19EC	0000	371
		_write_single_holding		CODE           	16CE	0000	413
		_address_error 		CODE           	272A	0000	73
		_CRC_16        		CODE           	2494	0000	97
		_decode_mbus_frame		CODE           	186A	0000	387
		_function_error		CODE           	2772	0000	73
		_send_to_master		CODE           	1EEC	0000	147

modbus.c estimated size: 1638

data_log.c
		_datalog_event_check		CODE           	23AE	0000	119
		_send_log_rd   		CODE           	1B5E	0000	209
		_log_wr        		CODE           	1516	0000	441

data_log.c estimated size: 769

shared
		_red_led       		SMALLCONST     	1019	0000	9
		_red_led_tbl   		SMALLCONST     	1053	0000	3
		_rtc_addr      		SMALLCONST     	1041	0000	7
		_bcd_ascii_tbl 		SMALLCONST     	1001	0000	17
		_group_tbl     		SMALLCONST     	104D	0000	4
		_onebit_high_tbl		SMALLCONST     	1029	0000	9
		_subval_tbl    		SMALLCONST     	1039	0000	9
		_rep_rly_tbl   		SMALLCONST     	1021	0000	9
		__initialization		CODE           	28E6	0000	37
		_onebit_high_tbl2		SMALLCONST     	1031	0000	9
		_green_led     		SMALLCONST     	1011	0000	9
		_subval_chartbl		SMALLCONST     	1047	0000	7
		_no_nc_tbl     		SMALLCONST     	1050	0000	4

shared estimated size: 133

logic.c
		_test_key      		CODE           	26E2	0000	73
		_reset_key     		CODE           	21B2	0000	135
		_silence_key   		CODE           	27BA	0000	69
		_noise_rejection_off		CODE           	200E	0000	143
		_fault_detection		CODE           	1056	0000	1217
		_accept_key    		CODE           	2552	0000	89

logic.c estimated size: 1726

main.c
		_init          		CODE           	24F4	0000	95
		_main          		CODE           	22BE	0000	121
		_init_uart     		CODE           	25FE	0000	77
		_timer_init    		CODE           	29CA	0000	23
		_basems_wait   		CODE           	2128	0000	139
		_isr           		CODE           	0008	0000	275
		_delay_ms      		CODE           	29B0	0000	27
		_health_flash  		CODE           	28B2	0000	53

main.c estimated size: 810

hw_layer.c
		_update_595    		CODE           	1CF2	0000	195
		_calculate_parity		CODE           	296C	0000	37
		_read_165_dip  		CODE           	1C2E	0000	197
		_dicing_slicing		CODE           	1F7E	0000	145
		_read_165_fault		CODE           	2424	0000	113
		_update_repeat_relay		CODE           	1DB4	0000	159

hw_layer.c estimated size: 846

